---
source: tests/snapshot_tests.rs
expression: variations
---
[
    "https://example.com/docs",
    "https://example.com/docs.md",
    "https://example.com/docs/index.md",
    "https://example.com/docs/llms.txt",
    "https://example.com/docs/llms-full.txt",
]
