---
source: tests/snapshot_tests.rs
expression: paths
---
[
    "/cache/example.com/docs",
    "/cache/example.com/docs/page.md",
    "/cache/example.com",
    "/cache/docs.rust-lang.org/book/ch01-00-getting-started.html",
]
