---
source: tests/snapshot_tests.rs
expression: md_variations
---
[
    "https://example.com/readme.md",
]
