---
source: src/toc.rs
expression: toc.unwrap_or_default()
---
  1â†’# Next.js Documentation
