---
source: src/toc.rs
expression: toc.unwrap_or_default()
---

