---
source: src/toc.rs
expression: toc.unwrap_or_default()
---
  3→### You will learn ###
 12→Creating and nesting components [](#components)
 55→Writing markup with JSX [](#writing-markup-with-jsx)
 68→Adding styles [](#adding-styles)
 85→Displaying data [](#displaying-data)
130→Conditional rendering [](#conditional-rendering)
153→Rendering lists [](#rendering-lists)
198→Responding to events [](#responding-to-events)
209→Updating the screen [](#updating-the-screen)
269→Using Hooks [](#using-hooks)
276→Sharing data between components [](#sharing-data-between-components)
364→Next Steps [](#next-steps)
