---
source: src/toc.rs
expression: toc.unwrap_or_default()
---
  29→3.1. Using Python as a Calculator
  35→### 3.1.1. Numbers ###
 141→### 3.1.2. Text ###
 418→### 3.1.3. Lists ###
 552→3.2. First Steps Towards Programming
