---
source: src/toc.rs
expression: toc.unwrap_or_default()
---
  7→Install Kotlin
 12→Choose your Kotlin use case
 43→Is anything missing?
