---
source: src/toc.rs
expression: toc.unwrap_or_default()
---
  1→# Convex Documentation
  6→## understanding
 16→## quickstart
 34→## functions
 51→## database
 73→## realtime
 79→## auth
 95→## scheduling
103→## file-storage
114→## search
122→## components
129→## ai
139→## agents
