---
source: src/toc.rs
expression: toc.unwrap_or_default()
---
   3→### You will learn ###
  12→Creating and nesting components 
----------
  55→Writing markup with JSX 
----------
  68→Adding styles 
----------
  85→Displaying data 
----------
 130→Conditional rendering 
----------
 153→Rendering lists 
----------
 198→Responding to events 
----------
 209→Updating the screen 
----------
 269→Using Hooks 
----------
 276→Sharing data between components 
----------
 364→Next Steps 
----------
