---
source: src/toc.rs
expression: toc.unwrap_or_default()
---
  13→Prerequisites
  20→Install Go
  25→Write some code
 108→Call code in an external package
 161→Write more code
